// Jest Snapshot v1, https://goo.gl/fbAQLP

exports[`renders correctly 1`] = `
<View
  accessible={true}
  collapsable={false}
  focusable={false}
  onClick={[Function]}
  onResponderGrant={[Function]}
  onResponderMove={[Function]}
  onResponderRelease={[Function]}
  onResponderTerminate={[Function]}
  onResponderTerminationRequest={[Function]}
  onStartShouldSetResponder={[Function]}
  style={
    Object {
      "alignItems": "center",
      "backgroundColor": "#FDC433",
      "borderRadius": 100,
      "height": 40,
      "justifyContent": "center",
      "opacity": 1,
      "width": 40,
    }
  }
>
  <Text
    style={
      Object {
        "color": "#202020",
        "fontSize": 16,
        "fontWeight": "bold",
      }
    }
  />
</View>
`;
